Archive member included to satisfy reference by file (symbol)

c:/gcc-arm-none-eabi/gcc-arm-none-eabi/bin/../lib/gcc/arm-none-eabi/9.3.1/../../../../arm-none-eabi/lib/thumb/v7-m/nofp\libg.a(lib_a-errno.o)
                              CMakeFiles/Board_B.elf.dir/Core/Src/syscalls.c.obj (__errno)
c:/gcc-arm-none-eabi/gcc-arm-none-eabi/bin/../lib/gcc/arm-none-eabi/9.3.1/../../../../arm-none-eabi/lib/thumb/v7-m/nofp\libg.a(lib_a-exit.o)
                              c:/gcc-arm-none-eabi/gcc-arm-none-eabi/bin/../lib/gcc/arm-none-eabi/9.3.1/../../../../arm-none-eabi/lib/thumb/v7-m/nofp/crt0.o (exit)
c:/gcc-arm-none-eabi/gcc-arm-none-eabi/bin/../lib/gcc/arm-none-eabi/9.3.1/../../../../arm-none-eabi/lib/thumb/v7-m/nofp\libg.a(lib_a-impure.o)
                              c:/gcc-arm-none-eabi/gcc-arm-none-eabi/bin/../lib/gcc/arm-none-eabi/9.3.1/../../../../arm-none-eabi/lib/thumb/v7-m/nofp\libg.a(lib_a-exit.o) (_global_impure_ptr)
c:/gcc-arm-none-eabi/gcc-arm-none-eabi/bin/../lib/gcc/arm-none-eabi/9.3.1/../../../../arm-none-eabi/lib/thumb/v7-m/nofp\libg.a(lib_a-init.o)
                              c:/gcc-arm-none-eabi/gcc-arm-none-eabi/bin/../lib/gcc/arm-none-eabi/9.3.1/../../../../arm-none-eabi/lib/thumb/v7-m/nofp/crt0.o (__libc_init_array)
c:/gcc-arm-none-eabi/gcc-arm-none-eabi/bin/../lib/gcc/arm-none-eabi/9.3.1/../../../../arm-none-eabi/lib/thumb/v7-m/nofp\libg.a(lib_a-memcpy.o)
                              CMakeFiles/Board_B.elf.dir/Core/Src/queue.c.obj (memcpy)
c:/gcc-arm-none-eabi/gcc-arm-none-eabi/bin/../lib/gcc/arm-none-eabi/9.3.1/../../../../arm-none-eabi/lib/thumb/v7-m/nofp\libg.a(lib_a-memset.o)
                              c:/gcc-arm-none-eabi/gcc-arm-none-eabi/bin/../lib/gcc/arm-none-eabi/9.3.1/../../../../arm-none-eabi/lib/thumb/v7-m/nofp/crt0.o (memset)
c:/gcc-arm-none-eabi/gcc-arm-none-eabi/bin/../lib/gcc/arm-none-eabi/9.3.1/../../../../arm-none-eabi/lib/thumb/v7-m/nofp\libg.a(lib_a-__call_atexit.o)
                              c:/gcc-arm-none-eabi/gcc-arm-none-eabi/bin/../lib/gcc/arm-none-eabi/9.3.1/../../../../arm-none-eabi/lib/thumb/v7-m/nofp\libg.a(lib_a-exit.o) (__call_exitprocs)
c:/gcc-arm-none-eabi/gcc-arm-none-eabi/bin/../lib/gcc/arm-none-eabi/9.3.1/../../../../arm-none-eabi/lib/thumb/v7-m/nofp\libg.a(lib_a-atexit.o)
                              c:/gcc-arm-none-eabi/gcc-arm-none-eabi/bin/../lib/gcc/arm-none-eabi/9.3.1/../../../../arm-none-eabi/lib/thumb/v7-m/nofp\libg.a(lib_a-__call_atexit.o) (atexit)
c:/gcc-arm-none-eabi/gcc-arm-none-eabi/bin/../lib/gcc/arm-none-eabi/9.3.1/../../../../arm-none-eabi/lib/thumb/v7-m/nofp\libg.a(lib_a-fini.o)
                              c:/gcc-arm-none-eabi/gcc-arm-none-eabi/bin/../lib/gcc/arm-none-eabi/9.3.1/../../../../arm-none-eabi/lib/thumb/v7-m/nofp\libg.a(lib_a-__call_atexit.o) (__libc_fini_array)
c:/gcc-arm-none-eabi/gcc-arm-none-eabi/bin/../lib/gcc/arm-none-eabi/9.3.1/../../../../arm-none-eabi/lib/thumb/v7-m/nofp\libg.a(lib_a-lock.o)
                              c:/gcc-arm-none-eabi/gcc-arm-none-eabi/bin/../lib/gcc/arm-none-eabi/9.3.1/../../../../arm-none-eabi/lib/thumb/v7-m/nofp\libg.a(lib_a-__call_atexit.o) (__retarget_lock_acquire_recursive)
c:/gcc-arm-none-eabi/gcc-arm-none-eabi/bin/../lib/gcc/arm-none-eabi/9.3.1/../../../../arm-none-eabi/lib/thumb/v7-m/nofp\libg.a(lib_a-__atexit.o)
                              c:/gcc-arm-none-eabi/gcc-arm-none-eabi/bin/../lib/gcc/arm-none-eabi/9.3.1/../../../../arm-none-eabi/lib/thumb/v7-m/nofp\libg.a(lib_a-atexit.o) (__register_exitproc)

Allocating common symbols
Common symbol       size              file

__lock___atexit_recursive_mutex
                    0x1               c:/gcc-arm-none-eabi/gcc-arm-none-eabi/bin/../lib/gcc/arm-none-eabi/9.3.1/../../../../arm-none-eabi/lib/thumb/v7-m/nofp\libg.a(lib_a-lock.o)
__lock___arc4random_mutex
                    0x1               c:/gcc-arm-none-eabi/gcc-arm-none-eabi/bin/../lib/gcc/arm-none-eabi/9.3.1/../../../../arm-none-eabi/lib/thumb/v7-m/nofp\libg.a(lib_a-lock.o)
__lock___env_recursive_mutex
                    0x1               c:/gcc-arm-none-eabi/gcc-arm-none-eabi/bin/../lib/gcc/arm-none-eabi/9.3.1/../../../../arm-none-eabi/lib/thumb/v7-m/nofp\libg.a(lib_a-lock.o)
__lock___sinit_recursive_mutex
                    0x1               c:/gcc-arm-none-eabi/gcc-arm-none-eabi/bin/../lib/gcc/arm-none-eabi/9.3.1/../../../../arm-none-eabi/lib/thumb/v7-m/nofp\libg.a(lib_a-lock.o)
__lock___malloc_recursive_mutex
                    0x1               c:/gcc-arm-none-eabi/gcc-arm-none-eabi/bin/../lib/gcc/arm-none-eabi/9.3.1/../../../../arm-none-eabi/lib/thumb/v7-m/nofp\libg.a(lib_a-lock.o)
__lock___at_quick_exit_mutex
                    0x1               c:/gcc-arm-none-eabi/gcc-arm-none-eabi/bin/../lib/gcc/arm-none-eabi/9.3.1/../../../../arm-none-eabi/lib/thumb/v7-m/nofp\libg.a(lib_a-lock.o)
__lock___dd_hash_mutex
[...]
Memory Configuration

Name             Origin             Length             Attributes
RAM              0x20000000         0x00005000         xrw
FLASH            0x08000000         0x00010000         xr
*default*        0x00000000         0xffffffff

Linker script and memory map

LOAD c:/gcc-arm-none-eabi/gcc-arm-none-eabi/bin/../lib/gcc/arm-none-eabi/9.3.1/thumb/v7-m/nofp/crti.o
LOAD c:/gcc-arm-none-eabi/gcc-arm-none-eabi/bin/../lib/gcc/arm-none-eabi/9.3.1/thumb/v7-m/nofp/crtbegin.o
LOAD c:/gcc-arm-none-eabi/gcc-arm-none-eabi/bin/../lib/gcc/arm-none-eabi/9.3.1/../../../../arm-none-eabi/lib/thumb/v7-m/nofp/crt0.o
LOAD CMakeFiles/Board_B.elf.dir/Core/Src/WS2512.c.obj
LOAD CMakeFiles/Board_B.elf.dir/Core/Src/dma.c.obj
LOAD CMakeFiles/Board_B.elf.dir/Core/Src/gpio.c.obj
LOAD CMakeFiles/Board_B.elf.dir/Core/Src/main.c.obj
LOAD CMakeFiles/Board_B.elf.dir/Core/Src/queue.c.obj
LOAD CMakeFiles/Board_B.elf.dir/Core/Src/stm32f1xx_hal_msp.c.obj
LOAD CMakeFiles/Board_B.elf.dir/Core/Src/stm32f1xx_it.c.obj
LOAD CMakeFiles/Board_B.elf.dir/Core/Src/syscalls.c.obj
LOAD CMakeFiles/Board_B.elf.dir/Core/Src/system_stm32f1xx.c.obj
LOAD CMakeFiles/Board_B.elf.dir/Core/Src/tim.c.obj
LOAD CMakeFiles/Board_B.elf.dir/Core/Src/usart.c.obj
LOAD CMakeFiles/Board_B.elf.dir/Drivers/STM32F1xx_HAL_Driver/Src/stm32f1xx_hal.c.obj
LOAD CMakeFiles/Board_B.elf.dir/Drivers/STM32F1xx_HAL_Driver/Src/stm32f1xx_hal_cortex.c.obj
LOAD CMakeFiles/Board_B.elf.dir/Drivers/STM32F1xx_HAL_Driver/Src/stm32f1xx_hal_dma.c.obj
LOAD CMakeFiles/Board_B.elf.dir/Drivers/STM32F1xx_HAL_Driver/Src/stm32f1xx_hal_exti.c.obj
LOAD CMakeFiles/Board_B.elf.dir/Drivers/STM32F1xx_HAL_Driver/Src/stm32f1xx_hal_flash.c.obj
LOAD CMakeFiles/Board_B.elf.dir/Drivers/STM32F1xx_HAL_Driver/Src/stm32f1xx_hal_flash_ex.c.obj
LOAD CMakeFiles/Board_B.elf.dir/Drivers/STM32F1xx_HAL_Driver/Src/stm32f1xx_hal_gpio.c.obj
LOAD CMakeFiles/Board_B.elf.dir/Drivers/STM32F1xx_HAL_Driver/Src/stm32f1xx_hal_gpio_ex.c.obj
LOAD CMakeFiles/Board_B.elf.dir/Drivers/STM32F1xx_HAL_Driver/Src/stm32f1xx_hal_pwr.c.obj
LOAD CMakeFiles/Board_B.elf.dir/Drivers/STM32F1xx_HAL_Driver/Src/stm32f1xx_hal_rcc.c.obj
LOAD CMakeFiles/Board_B.elf.dir/Drivers/STM32F1xx_HAL_Driver/Src/stm32f1xx_hal_rcc_ex.c.obj
LOAD CMakeFiles/Board_B.elf.dir/Drivers/STM32F1xx_HAL_Driver/Src/stm32f1xx_hal_tim.c.obj
LOAD CMakeFiles/Board_B.elf.dir/Drivers/STM32F1xx_HAL_Driver/Src/stm32f1xx_hal_tim_ex.c.obj
LOAD CMakeFiles/Board_B.elf.dir/Drivers/STM32F1xx_HAL_Driver/Src/stm32f1xx_hal_uart.c.obj
LOAD CMakeFiles/Board_B.elf.dir/startup/startup_stm32f103xb.s.obj
START GROUP
LOAD c:/gcc-arm-none-eabi/gcc-arm-none-eabi/bin/../lib/gcc/arm-none-eabi/9.3.1/thumb/v7-m/nofp\libgcc.a
LOAD c:/gcc-arm-none-eabi/gcc-arm-none-eabi/bin/../lib/gcc/arm-none-eabi/9.3.1/../../../../arm-none-eabi/lib/thumb/v7-m/nofp\libg.a
LOAD c:/gcc-arm-none-eabi/gcc-arm-none-eabi/bin/../lib/gcc/arm-none-eabi/9.3.1/../../../../arm-none-eabi/lib/thumb/v7-m/nofp\libc.a
END GROUP
LOAD c:/gcc-arm-none-eabi/gcc-arm-none-eabi/bin/../lib/gcc/arm-none-eabi/9.3.1/thumb/v7-m/nofp/crtend.o
LOAD c:/gcc-arm-none-eabi/gcc-arm-none-eabi/bin/../lib/gcc/arm-none-eabi/9.3.1/thumb/v7-m/nofp/crtn.o
                0x20005000                _estack = 0x20005000
                0x00000200                _Min_Heap_Size = 0x200
                0x00000400                _Min_Stack_Size = 0x400

.isr_vector     0x08000000      0x10c
                0x08000000                . = ALIGN (0x4)
 *(.isr_vector)
 .isr_vector    0x08000000      0x10c CMakeFiles/Board_B.elf.dir/startup/startup_stm32f103xb.s.obj
                0x08000000                g_pfnVectors
                0x0800010c                . = ALIGN (0x4)

.text           0x0800010c     0x2df8
                0x0800010c                . = ALIGN (0x4)
 *(.text)
 .text          0x0800010c       0x40 c:/gcc-arm-none-eabi/gcc-arm-none-eabi/bin/../lib/gcc/arm-none-eabi/9.3.1/thumb/v7-m/nofp/crtbegin.o
 .text          0x0800014c       0xec c:/gcc-arm-none-eabi/gcc-arm-none-eabi/bin/../lib/gcc/arm-none-eabi/9.3.1/../../../../arm-none-eabi/lib/thumb/v7-m/nofp\libg.a(lib_a-memcpy.o)
                0x0800014c                memcpy
 *(.text*)
 .text.setRGB   0x08000238       0x3c CMakeFiles/Board_B.elf.dir/Core/Src/WS2512.c.obj
                0x08000238                setRGB
 .text.transferToLED
                0x08000274       0x64 CMakeFiles/Board_B.elf.dir/Core/Src/WS2512.c.obj
                0x08000274                transferToLED
 .text.init_WS2512
                0x080002d8       0x80 CMakeFiles/Board_B.elf.dir/Core/Src/WS2512.c.obj
                0x080002d8                init_WS2512
 .text.setMidArrow
                0x08000358       0x30 CMakeFiles/Board_B.elf.dir/Core/Src/WS2512.c.obj
                0x08000358                setMidArrow
 .text.MX_DMA_Init
                0x08000388       0xb8 CMakeFiles/Board_B.elf.dir/Core/Src/dma.c.obj
                0x08000388                MX_DMA_Init
 .text.MX_GPIO_Init
                0x08000440       0x30 CMakeFiles/Board_B.elf.dir/Core/Src/gpio.c.obj
                0x08000440                MX_GPIO_Init
 .text.Error_Handler
                0x08000470        0x4 CMakeFiles/Board_B.elf.dir/Core/Src/main.c.obj
                0x08000470                Error_Handler
 .text.SystemClock_Config
                0x08000474       0x62 CMakeFiles/Board_B.elf.dir/Core/Src/main.c.obj
                0x08000474                SystemClock_Config
 .text.main     0x080004d6       0x38 CMakeFiles/Board_B.elf.dir/Core/Src/main.c.obj
                0x080004d6                main
 *fill*         0x0800050e        0x2 
 .text.initMainQueue
                0x08000510       0x28 CMakeFiles/Board_B.elf.dir/Core/Src/queue.c.obj
                0x08000510                initMainQueue
 .text.createQueue
                0x08000538       0x68 CMakeFiles/Board_B.elf.dir/Core/Src/queue.c.obj
                0x08000538                createQueue
 .text.HAL_MspInit
                0x080005a0       0x44 CMakeFiles/Board_B.elf.dir/Core/Src/stm32f1xx_hal_msp.c.obj
                0x080005a0                HAL_MspInit
 .text.NMI_Handler
                0x080005e4        0x2 CMakeFiles/Board_B.elf.dir/Core/Src/stm32f1xx_it.c.obj
                0x080005e4                NMI_Handler
 .text.HardFault_Handler
                0x080005e6        0x2 CMakeFiles/Board_B.elf.dir/Core/Src/stm32f1xx_it.c.obj
                0x080005e6                HardFault_Handler
 .text.MemManage_Handler
                0x080005e8        0x2 CMakeFiles/Board_B.elf.dir/Core/Src/stm32f1xx_it.c.obj
                0x080005e8                MemManage_Handler
 .text.BusFault_Handler
                0x080005ea        0x2 CMakeFiles/Board_B.elf.dir/Core/Src/stm32f1xx_it.c.obj
                0x080005ea                BusFault_Handler
 .text.UsageFault_Handler
                0x080005ec        0x2 CMakeFiles/Board_B.elf.dir/Core/Src/stm32f1xx_it.c.obj
                0x080005ec                UsageFault_Handler
 .text.SVC_Handler
                0x080005ee        0x2 CMakeFiles/Board_B.elf.dir/Core/Src/stm32f1xx_it.c.obj
                0x080005ee                SVC_Handler
 .text.DebugMon_Handler
                0x080005f0        0x2 CMakeFiles/Board_B.elf.dir/Core/Src/stm32f1xx_it.c.obj
                0x080005f0                DebugMon_Handler
 .text.PendSV_Handler
                0x080005f2        0x2 CMakeFiles/Board_B.elf.dir/Core/Src/stm32f1xx_it.c.obj
                0x080005f2                PendSV_Handler
 .text.SysTick_Handler
                0x080005f4        0x8 CMakeFiles/Board_B.elf.dir/Core/Src/stm32f1xx_it.c.obj
                0x080005f4                SysTick_Handler
 .text.DMA1_Channel1_IRQHandler
                0x080005fc       0x10 CMakeFiles/Board_B.elf.dir/Core/Src/stm32f1xx_it.c.obj
                0x080005fc                DMA1_Channel1_IRQHandler
 .text.DMA1_Channel2_IRQHandler
                0x0800060c       0x10 CMakeFiles/Board_B.elf.dir/Core/Src/stm32f1xx_it.c.obj
                0x0800060c                DMA1_Channel2_IRQHandler
 .text.DMA1_Channel4_IRQHandler
                0x0800061c       0x10 CMakeFiles/Board_B.elf.dir/Core/Src/stm32f1xx_it.c.obj
                0x0800061c                DMA1_Channel4_IRQHandler
 .text.DMA1_Channel5_IRQHandler
                0x0800062c       0x10 CMakeFiles/Board_B.elf.dir/Core/Src/stm32f1xx_it.c.obj
                0x0800062c                DMA1_Channel5_IRQHandler
 .text.DMA1_Channel6_IRQHandler
                0x0800063c       0x10 CMakeFiles/Board_B.elf.dir/Core/Src/stm32f1xx_it.c.obj
                0x0800063c                DMA1_Channel6_IRQHandler
 .text.DMA1_Channel7_IRQHandler
                0x0800064c       0x10 CMakeFiles/Board_B.elf.dir/Core/Src/stm32f1xx_it.c.obj
                0x0800064c                DMA1_Channel7_IRQHandler
 .text.TIM1_CC_IRQHandler
                0x0800065c       0x10 CMakeFiles/Board_B.elf.dir/Core/Src/stm32f1xx_it.c.obj
                0x0800065c                TIM1_CC_IRQHandler
 .text.TIM2_IRQHandler
                0x0800066c       0x10 CMakeFiles/Board_B.elf.dir/Core/Src/stm32f1xx_it.c.obj
                0x0800066c                TIM2_IRQHandler
 .text.TIM3_IRQHandler
                0x0800067c       0x10 CMakeFiles/Board_B.elf.dir/Core/Src/stm32f1xx_it.c.obj
                0x0800067c                TIM3_IRQHandler
 .text.TIM4_IRQHandler
                0x0800068c       0x10 CMakeFiles/Board_B.elf.dir/Core/Src/stm32f1xx_it.c.obj
                0x0800068c                TIM4_IRQHandler
 .text.USART1_IRQHandler
                0x0800069c       0x10 CMakeFiles/Board_B.elf.dir/Core/Src/stm32f1xx_it.c.obj
                0x0800069c                USART1_IRQHandler
 .text.SystemInit
                0x080006ac        0x2 CMakeFiles/Board_B.elf.dir/Core/Src/system_stm32f1xx.c.obj
                0x080006ac                SystemInit
 *fill*         0x080006ae        0x2 
 .text.HAL_TIM_PWM_PulseFinishedCallback
                0x080006b0       0xc8 CMakeFiles/Board_B.elf.dir/Core/Src/tim.c.obj
                0x080006b0                HAL_TIM_PWM_PulseFinishedCallback
 .text.HAL_TIM_PeriodElapsedCallback
                0x08000778       0xbc CMakeFiles/Board_B.elf.dir/Core/Src/tim.c.obj
                0x08000778                HAL_TIM_PeriodElapsedCallback
 .text.MX_TIM4_Init
                0x08000834       0x70 CMakeFiles/Board_B.elf.dir/Core/Src/tim.c.obj
                0x08000834                MX_TIM4_Init
 .text.HAL_TIM_Base_MspInit
                0x080008a4      0x238 CMakeFiles/Board_B.elf.dir/Core/Src/tim.c.obj
                0x080008a4                HAL_TIM_Base_MspInit
 .text.HAL_TIM_MspPostInit
                0x08000adc       0xb4 CMakeFiles/Board_B.elf.dir/Core/Src/tim.c.obj
                0x08000adc                HAL_TIM_MspPostInit
 .text.MX_TIM1_Init
                0x08000b90       0xf8 CMakeFiles/Board_B.elf.dir/Core/Src/tim.c.obj
                0x08000b90                MX_TIM1_Init
 .text.MX_TIM2_Init
                0x08000c88       0xd0 CMakeFiles/Board_B.elf.dir/Core/Src/tim.c.obj
                0x08000c88                MX_TIM2_Init
 .text.MX_TIM3_Init
                0x08000d58       0xa8 CMakeFiles/Board_B.elf.dir/Core/Src/tim.c.obj
                0x08000d58                MX_TIM3_Init
 .text.HAL_UART_RxCpltCallback
                0x08000e00       0x18 CMakeFiles/Board_B.elf.dir/Core/Src/usart.c.obj
                0x08000e00                HAL_UART_RxCpltCallback
 .text.MX_USART1_UART_Init
                0x08000e18       0x44 CMakeFiles/Board_B.elf.dir/Core/Src/usart.c.obj
                0x08000e18                MX_USART1_UART_Init
 .text.HAL_UART_MspInit
                0x08000e5c       0x88 CMakeFiles/Board_B.elf.dir/Core/Src/usart.c.obj
                0x08000e5c                HAL_UART_MspInit
 .text.HAL_InitTick
                0x08000ee4       0x4c CMakeFiles/Board_B.elf.dir/Drivers/STM32F1xx_HAL_Driver/Src/stm32f1xx_hal.c.obj
                0x08000ee4                HAL_InitTick
 .text.HAL_Init
                0x08000f30       0x24 CMakeFiles/Board_B.elf.dir/Drivers/STM32F1xx_HAL_Driver/Src/stm32f1xx_hal.c.obj
                0x08000f30                HAL_Init
 .text.HAL_IncTick
                0x08000f54       0x18 CMakeFiles/Board_B.elf.dir/Drivers/STM32F1xx_HAL_Driver/Src/stm32f1xx_hal.c.obj
                0x08000f54                HAL_IncTick
 .text.HAL_GetTick
                0x08000f6c        0xc CMakeFiles/Board_B.elf.dir/Drivers/STM32F1xx_HAL_Driver/Src/stm32f1xx_hal.c.obj
                0x08000f6c                HAL_GetTick
 .text.HAL_NVIC_SetPriorityGrouping
                0x08000f78       0x24 CMakeFiles/Board_B.elf.dir/Drivers/STM32F1xx_HAL_Driver/Src/stm32f1xx_hal_cortex.c.obj
                0x08000f78                HAL_NVIC_SetPriorityGrouping
 .text.HAL_NVIC_SetPriority
                0x08000f9c       0x68 CMakeFiles/Board_B.elf.dir/Drivers/STM32F1xx_HAL_Driver/Src/stm32f1xx_hal_cortex.c.obj
                0x08000f9c                HAL_NVIC_SetPriority
 .text.HAL_NVIC_EnableIRQ
                0x08001004       0x1c CMakeFiles/Board_B.elf.dir/Drivers/STM32F1xx_HAL_Driver/Src/stm32f1xx_hal_cortex.c.obj
                0x08001004                HAL_NVIC_EnableIRQ
 .text.HAL_SYSTICK_Config
                0x08001020       0x2c CMakeFiles/Board_B.elf.dir/Drivers/STM32F1xx_HAL_Driver/Src/stm32f1xx_hal_cortex.c.obj
                0x08001020                HAL_SYSTICK_Config
 .text.DMA_SetConfig
                0x0800104c       0x2c CMakeFiles/Board_B.elf.dir/Drivers/STM32F1xx_HAL_Driver/Src/stm32f1xx_hal_dma.c.obj
 .text.HAL_DMA_Init
                0x08001078       0x6c CMakeFiles/Board_B.elf.dir/Drivers/STM32F1xx_HAL_Driver/Src/stm32f1xx_hal_dma.c.obj
                0x08001078                HAL_DMA_Init
 .text.HAL_DMA_Start_IT
                0x080010e4       0x74 CMakeFiles/Board_B.elf.dir/Drivers/STM32F1xx_HAL_Driver/Src/stm32f1xx_hal_dma.c.obj
                0x080010e4                HAL_DMA_Start_IT
 .text.HAL_DMA_Abort
                0x08001158       0x44 CMakeFiles/Board_B.elf.dir/Drivers/STM32F1xx_HAL_Driver/Src/stm32f1xx_hal_dma.c.obj
                0x08001158                HAL_DMA_Abort
 .text.HAL_DMA_Abort_IT
                0x0800119c       0x98 CMakeFiles/Board_B.elf.dir/Drivers/STM32F1xx_HAL_Driver/Src/stm32f1xx_hal_dma.c.obj
                0x0800119c                HAL_DMA_Abort_IT
 .text.HAL_DMA_IRQHandler
                0x08001234      0x144 CMakeFiles/Board_B.elf.dir/Drivers/STM32F1xx_HAL_Driver/Src/stm32f1xx_hal_dma.c.obj
                0x08001234                HAL_DMA_IRQHandler
 .text.HAL_GPIO_Init
                0x08001378      0x220 CMakeFiles/Board_B.elf.dir/Drivers/STM32F1xx_HAL_Driver/Src/stm32f1xx_hal_gpio.c.obj
                0x08001378                HAL_GPIO_Init
 .text.RCC_Delay
                0x08001598       0x2c CMakeFiles/Board_B.elf.dir/Drivers/STM32F1xx_HAL_Driver/Src/stm32f1xx_hal_rcc.c.obj
 .text.HAL_RCC_OscConfig
                0x080015c4      0x410 CMakeFiles/Board_B.elf.dir/Drivers/STM32F1xx_HAL_Driver/Src/stm32f1xx_hal_rcc.c.obj
                0x080015c4                HAL_RCC_OscConfig
 .text.HAL_RCC_GetSysClockFreq
                0x080019d4       0x78 CMakeFiles/Board_B.elf.dir/Drivers/STM32F1xx_HAL_Driver/Src/stm32f1xx_hal_rcc.c.obj
                0x080019d4                HAL_RCC_GetSysClockFreq
 .text.HAL_RCC_ClockConfig
                0x08001a4c      0x16c CMakeFiles/Board_B.elf.dir/Drivers/STM32F1xx_HAL_Driver/Src/stm32f1xx_hal_rcc.c.obj
                0x08001a4c                HAL_RCC_ClockConfig
 .text.HAL_RCC_GetHCLKFreq
                0x08001bb8        0xc CMakeFiles/Board_B.elf.dir/Drivers/STM32F1xx_HAL_Driver/Src/stm32f1xx_hal_rcc.c.obj
                0x08001bb8                HAL_RCC_GetHCLKFreq
 .text.HAL_RCC_GetPCLK1Freq
                0x08001bc4       0x20 CMakeFiles/Board_B.elf.dir/Drivers/STM32F1xx_HAL_Driver/Src/stm32f1xx_hal_rcc.c.obj
                0x08001bc4                HAL_RCC_GetPCLK1Freq
 .text.HAL_RCC_GetPCLK2Freq
                0x08001be4       0x20 CMakeFiles/Board_B.elf.dir/Drivers/STM32F1xx_HAL_Driver/Src/stm32f1xx_hal_rcc.c.obj
                0x08001be4                HAL_RCC_GetPCLK2Freq
 .text.TIM_OC1_SetConfig
                0x08001c04       0x5c CMakeFiles/Board_B.elf.dir/Drivers/STM32F1xx_HAL_Driver/Src/stm32f1xx_hal_tim.c.obj
 .text.TIM_OC3_SetConfig
                0x08001c60       0x64 CMakeFiles/Board_B.elf.dir/Drivers/STM32F1xx_HAL_Driver/Src/stm32f1xx_hal_tim.c.obj
 .text.TIM_OC4_SetConfig
                0x08001cc4       0x48 CMakeFiles/Board_B.elf.dir/Drivers/STM32F1xx_HAL_Driver/Src/stm32f1xx_hal_tim.c.obj
 .text.TIM_TI1_ConfigInputStage
                0x08001d0c       0x24 CMakeFiles/Board_B.elf.dir/Drivers/STM32F1xx_HAL_Driver/Src/stm32f1xx_hal_tim.c.obj
 .text.TIM_TI2_ConfigInputStage
                0x08001d30       0x26 CMakeFiles/Board_B.elf.dir/Drivers/STM32F1xx_HAL_Driver/Src/stm32f1xx_hal_tim.c.obj
 .text.TIM_ITRx_SetConfig
                0x08001d56       0x10 CMakeFiles/Board_B.elf.dir/Drivers/STM32F1xx_HAL_Driver/Src/stm32f1xx_hal_tim.c.obj
 *fill*         0x08001d66        0x2 
 .text.HAL_TIM_Base_Start_IT
                0x08001d68       0x68 CMakeFiles/Board_B.elf.dir/Drivers/STM32F1xx_HAL_Driver/Src/stm32f1xx_hal_tim.c.obj
                0x08001d68                HAL_TIM_Base_Start_IT
 .text.HAL_TIM_Base_Stop_IT
                0x08001dd0       0x32 CMakeFiles/Board_B.elf.dir/Drivers/STM32F1xx_HAL_Driver/Src/stm32f1xx_hal_tim.c.obj
                0x08001dd0                HAL_TIM_Base_Stop_IT
 .text.HAL_TIM_PWM_MspInit
                0x08001e02        0x2 CMakeFiles/Board_B.elf.dir/Drivers/STM32F1xx_HAL_Driver/Src/stm32f1xx_hal_tim.c.obj
                0x08001e02                HAL_TIM_PWM_MspInit
 .text.HAL_TIM_OC_DelayElapsedCallback
                0x08001e04        0x2 CMakeFiles/Board_B.elf.dir/Drivers/STM32F1xx_HAL_Driver/Src/stm32f1xx_hal_tim.c.obj
                0x08001e04                HAL_TIM_OC_DelayElapsedCallback
 .text.HAL_TIM_IC_CaptureCallback
                0x08001e06        0x2 CMakeFiles/Board_B.elf.dir/Drivers/STM32F1xx_HAL_Driver/Src/stm32f1xx_hal_tim.c.obj
                0x08001e06                HAL_TIM_IC_CaptureCallback
 .text.TIM_DMADelayPulseCplt
                0x08001e08       0x70 CMakeFiles/Board_B.elf.dir/Drivers/STM32F1xx_HAL_Driver/Src/stm32f1xx_hal_tim.c.obj
 .text.HAL_TIM_PWM_PulseFinishedHalfCpltCallback
                0x08001e78        0x2 CMakeFiles/Board_B.elf.dir/Drivers/STM32F1xx_HAL_Driver/Src/stm32f1xx_hal_tim.c.obj
                0x08001e78                HAL_TIM_PWM_PulseFinishedHalfCpltCallback
 .text.TIM_DMADelayPulseHalfCplt
                0x08001e7a       0x3e CMakeFiles/Board_B.elf.dir/Drivers/STM32F1xx_HAL_Driver/Src/stm32f1xx_hal_tim.c.obj
                0x08001e7a                TIM_DMADelayPulseHalfCplt
 .text.HAL_TIM_TriggerCallback
                0x08001eb8        0x2 CMakeFiles/Board_B.elf.dir/Drivers/STM32F1xx_HAL_Driver/Src/stm32f1xx_hal_tim.c.obj
                0x08001eb8                HAL_TIM_TriggerCallback
 .text.HAL_TIM_IRQHandler
                0x08001eba      0x17a CMakeFiles/Board_B.elf.dir/Drivers/STM32F1xx_HAL_Driver/Src/stm32f1xx_hal_tim.c.obj
                0x08001eba                HAL_TIM_IRQHandler
 .text.HAL_TIM_ErrorCallback
                0x08002034        0x2 CMakeFiles/Board_B.elf.dir/Drivers/STM32F1xx_HAL_Driver/Src/stm32f1xx_hal_tim.c.obj
                0x08002034                HAL_TIM_ErrorCallback
 .text.TIM_DMAError
                0x08002036       0x5c CMakeFiles/Board_B.elf.dir/Drivers/STM32F1xx_HAL_Driver/Src/stm32f1xx_hal_tim.c.obj
                0x08002036                TIM_DMAError
 *fill*         0x08002092        0x2 
 .text.TIM_Base_SetConfig
                0x08002094       0x74 CMakeFiles/Board_B.elf.dir/Drivers/STM32F1xx_HAL_Driver/Src/stm32f1xx_hal_tim.c.obj
                0x08002094                TIM_Base_SetConfig
 .text.HAL_TIM_Base_Init
                0x08002108       0x58 CMakeFiles/Board_B.elf.dir/Drivers/STM32F1xx_HAL_Driver/Src/stm32f1xx_hal_tim.c.obj
                0x08002108                HAL_TIM_Base_Init
 .text.HAL_TIM_PWM_Init
                0x08002160       0x58 CMakeFiles/Board_B.elf.dir/Drivers/STM32F1xx_HAL_Driver/Src/stm32f1xx_hal_tim.c.obj
                0x08002160                HAL_TIM_PWM_Init
 .text.TIM_OC2_SetConfig
                0x080021b8       0x64 CMakeFiles/Board_B.elf.dir/Drivers/STM32F1xx_HAL_Driver/Src/stm32f1xx_hal_tim.c.obj
                0x080021b8                TIM_OC2_SetConfig
 .text.HAL_TIM_PWM_ConfigChannel
                0x0800221c       0xd0 CMakeFiles/Board_B.elf.dir/Drivers/STM32F1xx_HAL_Driver/Src/stm32f1xx_hal_tim.c.obj
                0x0800221c                HAL_TIM_PWM_ConfigChannel
 .text.TIM_ETR_SetConfig
                0x080022ec       0x16 CMakeFiles/Board_B.elf.dir/Drivers/STM32F1xx_HAL_Driver/Src/stm32f1xx_hal_tim.c.obj
                0x080022ec                TIM_ETR_SetConfig
 .text.HAL_TIM_ConfigClockSource
                0x08002302       0xda CMakeFiles/Board_B.elf.dir/Drivers/STM32F1xx_HAL_Driver/Src/stm32f1xx_hal_tim.c.obj
                0x08002302                HAL_TIM_ConfigClockSource
 .text.TIM_CCxChannelCmd
                0x080023dc       0x22 CMakeFiles/Board_B.elf.dir/Drivers/STM32F1xx_HAL_Driver/Src/stm32f1xx_hal_tim.c.obj
                0x080023dc                TIM_CCxChannelCmd
 *fill*         0x080023fe        0x2 
 .text.HAL_TIM_PWM_Start_DMA
                0x08002400      0x23c CMakeFiles/Board_B.elf.dir/Drivers/STM32F1xx_HAL_Driver/Src/stm32f1xx_hal_tim.c.obj
                0x08002400                HAL_TIM_PWM_Start_DMA
 .text.HAL_TIM_PWM_Stop_DMA
                0x0800263c       0xe4 CMakeFiles/Board_B.elf.dir/Drivers/STM32F1xx_HAL_Driver/Src/stm32f1xx_hal_tim.c.obj
                0x0800263c                HAL_TIM_PWM_Stop_DMA
 .text.HAL_TIMEx_MasterConfigSynchronization
                0x08002720       0x68 CMakeFiles/Board_B.elf.dir/Drivers/STM32F1xx_HAL_Driver/Src/stm32f1xx_hal_tim_ex.c.obj
                0x08002720                HAL_TIMEx_MasterConfigSynchronization
 .text.HAL_TIMEx_ConfigBreakDeadTime
                0x08002788       0x52 CMakeFiles/Board_B.elf.dir/Drivers/STM32F1xx_HAL_Driver/Src/stm32f1xx_hal_tim_ex.c.obj
                0x08002788                HAL_TIMEx_ConfigBreakDeadTime
 .text.HAL_TIMEx_CommutCallback
                0x080027da        0x2 CMakeFiles/Board_B.elf.dir/Drivers/STM32F1xx_HAL_Driver/Src/stm32f1xx_hal_tim_ex.c.obj
                0x080027da                HAL_TIMEx_CommutCallback
 .text.HAL_TIMEx_BreakCallback
                0x080027dc        0x2 CMakeFiles/Board_B.elf.dir/Drivers/STM32F1xx_HAL_Driver/Src/stm32f1xx_hal_tim_ex.c.obj
                0x080027dc                HAL_TIMEx_BreakCallback
 .text.UART_EndRxTransfer
                0x080027de       0x32 CMakeFiles/Board_B.elf.dir/Drivers/STM32F1xx_HAL_Driver/Src/stm32f1xx_hal_uart.c.obj
 .text.UART_Transmit_IT
                0x08002810       0x60 CMakeFiles/Board_B.elf.dir/Drivers/STM32F1xx_HAL_Driver/Src/stm32f1xx_hal_uart.c.obj
 .text.UART_SetConfig
                0x08002870       0x90 CMakeFiles/Board_B.elf.dir/Drivers/STM32F1xx_HAL_Driver/Src/stm32f1xx_hal_uart.c.obj
 .text.HAL_UART_Init
                0x08002900       0x5e CMakeFiles/Board_B.elf.dir/Drivers/STM32F1xx_HAL_Driver/Src/stm32f1xx_hal_uart.c.obj
                0x08002900                HAL_UART_Init
 .text.HAL_UART_TxCpltCallback
                0x0800295e        0x2 CMakeFiles/Board_B.elf.dir/Drivers/STM32F1xx_HAL_Driver/Src/stm32f1xx_hal_uart.c.obj
                0x0800295e                HAL_UART_TxCpltCallback
 .text.UART_EndTransmit_IT
                0x08002960       0x1a CMakeFiles/Board_B.elf.dir/Drivers/STM32F1xx_HAL_Driver/Src/stm32f1xx_hal_uart.c.obj
 .text.HAL_UART_ErrorCallback
                0x0800297a        0x2 CMakeFiles/Board_B.elf.dir/Drivers/STM32F1xx_HAL_Driver/Src/stm32f1xx_hal_uart.c.obj
                0x0800297a                HAL_UART_ErrorCallback
 .text.UART_DMAAbortOnError
                0x0800297c       0x10 CMakeFiles/Board_B.elf.dir/Drivers/STM32F1xx_HAL_Driver/Src/stm32f1xx_hal_uart.c.obj
 .text.HAL_UARTEx_RxEventCallback
                0x0800298c        0x2 CMakeFiles/Board_B.elf.dir/Drivers/STM32F1xx_HAL_Driver/Src/stm32f1xx_hal_uart.c.obj
                0x0800298c                HAL_UARTEx_RxEventCallback
 .text.UART_Receive_IT
                0x0800298e       0xd4 CMakeFiles/Board_B.elf.dir/Drivers/STM32F1xx_HAL_Driver/Src/stm32f1xx_hal_uart.c.obj
 *fill*         0x08002a62        0x2 
 .text.HAL_UART_IRQHandler
                0x08002a64      0x204 CMakeFiles/Board_B.elf.dir/Drivers/STM32F1xx_HAL_Driver/Src/stm32f1xx_hal_uart.c.obj
                0x08002a64                HAL_UART_IRQHandler
 .text.UART_Start_Receive_IT
                0x08002c68       0x36 CMakeFiles/Board_B.elf.dir/Drivers/STM32F1xx_HAL_Driver/Src/stm32f1xx_hal_uart.c.obj
                0x08002c68                UART_Start_Receive_IT
 .text.HAL_UART_Receive_IT
                0x08002c9e       0x38 CMakeFiles/Board_B.elf.dir/Drivers/STM32F1xx_HAL_Driver/Src/stm32f1xx_hal_uart.c.obj
                0x08002c9e                HAL_UART_Receive_IT
 *fill*         0x08002cd6        0x2 
 .text.Reset_Handler
                0x08002cd8       0x48 CMakeFiles/Board_B.elf.dir/startup/startup_stm32f103xb.s.obj
                0x08002cd8                Reset_Handler
 .text.Default_Handler
                0x08002d20        0x2 CMakeFiles/Board_B.elf.dir/startup/startup_stm32f103xb.s.obj
                0x08002d20                RTC_Alarm_IRQHandler
                0x08002d20                EXTI2_IRQHandler
                0x08002d20                PVD_IRQHandler
                0x08002d20                EXTI3_IRQHandler
                0x08002d20                EXTI0_IRQHandler
                0x08002d20                I2C2_EV_IRQHandler
                0x08002d20                ADC1_2_IRQHandler
                0x08002d20                SPI1_IRQHandler
                0x08002d20                TAMPER_IRQHandler
                0x08002d20                USART3_IRQHandler
                0x08002d20                RTC_IRQHandler
                0x08002d20                CAN1_RX1_IRQHandler
                0x08002d20                I2C1_EV_IRQHandler
                0x08002d20                RCC_IRQHandler
                0x08002d20                TIM1_TRG_COM_IRQHandler
                0x08002d20                Default_Handler
                0x08002d20                EXTI15_10_IRQHandler
                0x08002d20                EXTI9_5_IRQHandler
                0x08002d20                SPI2_IRQHandler
                0x08002d20                EXTI4_IRQHandler
                0x08002d20                USB_LP_CAN1_RX0_IRQHandler
                0x08002d20                USB_HP_CAN1_TX_IRQHandler
                0x08002d20                DMA1_Channel3_IRQHandler
                0x08002d20                TIM1_UP_IRQHandler
                0x08002d20                WWDG_IRQHandler
                0x08002d20                TIM1_BRK_IRQHandler
                0x08002d20                EXTI1_IRQHandler
                0x08002d20                USART2_IRQHandler
                0x08002d20                I2C2_ER_IRQHandler
                0x08002d20                CAN1_SCE_IRQHandler
                0x08002d20                FLASH_IRQHandler
                0x08002d20                I2C1_ER_IRQHandler
                0x08002d20                USBWakeUp_IRQHandler
 *fill*         0x08002d22        0x2 
 .text.__libc_init_array
                0x08002d24       0x48 c:/gcc-arm-none-eabi/gcc-arm-none-eabi/bin/../lib/gcc/arm-none-eabi/9.3.1/../../../../arm-none-eabi/lib/thumb/v7-m/nofp\libg.a(lib_a-init.o)
                0x08002d24                __libc_init_array
 .text.memset   0x08002d6c       0xa0 c:/gcc-arm-none-eabi/gcc-arm-none-eabi/bin/../lib/gcc/arm-none-eabi/9.3.1/../../../../arm-none-eabi/lib/thumb/v7-m/nofp\libg.a(lib_a-memset.o)
                0x08002d6c                memset
 .text.startup.register_fini
                0x08002e0c       0x14 c:/gcc-arm-none-eabi/gcc-arm-none-eabi/bin/../lib/gcc/arm-none-eabi/9.3.1/../../../../arm-none-eabi/lib/thumb/v7-m/nofp\libg.a(lib_a-__call_atexit.o)
 .text.atexit   0x08002e20        0xc c:/gcc-arm-none-eabi/gcc-arm-none-eabi/bin/../lib/gcc/arm-none-eabi/9.3.1/../../../../arm-none-eabi/lib/thumb/v7-m/nofp\libg.a(lib_a-atexit.o)
                0x08002e20                atexit
 .text.__libc_fini_array
                0x08002e2c       0x2c c:/gcc-arm-none-eabi/gcc-arm-none-eabi/bin/../lib/gcc/arm-none-eabi/9.3.1/../../../../arm-none-eabi/lib/thumb/v7-m/nofp\libg.a(lib_a-fini.o)
                0x08002e2c                __libc_fini_array
 .text.__retarget_lock_acquire_recursive
                0x08002e58        0x4 c:/gcc-arm-none-eabi/gcc-arm-none-eabi/bin/../lib/gcc/arm-none-eabi/9.3.1/../../../../arm-none-eabi/lib/thumb/v7-m/nofp\libg.a(lib_a-lock.o)
                0x08002e58                __retarget_lock_acquire_recursive
 .text.__retarget_lock_release_recursive
                0x08002e5c        0x4 c:/gcc-arm-none-eabi/gcc-arm-none-eabi/bin/../lib/gcc/arm-none-eabi/9.3.1/../../../../arm-none-eabi/lib/thumb/v7-m/nofp\libg.a(lib_a-lock.o)
                0x08002e5c                __retarget_lock_release_recursive
 .text.__register_exitproc
                0x08002e60       0x8c c:/gcc-arm-none-eabi/gcc-arm-none-eabi/bin/../lib/gcc/arm-none-eabi/9.3.1/../../../../arm-none-eabi/lib/thumb/v7-m/nofp\libg.a(lib_a-__atexit.o)
                0x08002e60                __register_exitproc
 *(.glue_7)
 .glue_7        0x08002eec        0x0 linker stubs
 *(.glue_7t)
 .glue_7t       0x08002eec        0x0 linker stubs
 *(.eh_frame)
 .eh_frame      0x08002eec        0x0 c:/gcc-arm-none-eabi/gcc-arm-none-eabi/bin/../lib/gcc/arm-none-eabi/9.3.1/thumb/v7-m/nofp/crtbegin.o
 *(.init)
 .init          0x08002eec        0x4 c:/gcc-arm-none-eabi/gcc-arm-none-eabi/bin/../lib/gcc/arm-none-eabi/9.3.1/thumb/v7-m/nofp/crti.o
                0x08002eec                _init
 .init          0x08002ef0        0x8 c:/gcc-arm-none-eabi/gcc-arm-none-eabi/bin/../lib/gcc/arm-none-eabi/9.3.1/thumb/v7-m/nofp/crtn.o
 *(.fini)
 .fini          0x08002ef8        0x4 c:/gcc-arm-none-eabi/gcc-arm-none-eabi/bin/../lib/gcc/arm-none-eabi/9.3.1/thumb/v7-m/nofp/crti.o
                0x08002ef8                _fini
 .fini          0x08002efc        0x8 c:/gcc-arm-none-eabi/gcc-arm-none-eabi/bin/../lib/gcc/arm-none-eabi/9.3.1/thumb/v7-m/nofp/crtn.o
                0x08002f04                . = ALIGN (0x4)
                0x08002f04                _etext = .

.vfp11_veneer   0x08002f04        0x0
 .vfp11_veneer  0x08002f04        0x0 linker stubs

.v4_bx          0x08002f04        0x0
 .v4_bx         0x08002f04        0x0 linker stubs

.iplt           0x08002f04        0x0
 .iplt          0x08002f04        0x0 c:/gcc-arm-none-eabi/gcc-arm-none-eabi/bin/../lib/gcc/arm-none-eabi/9.3.1/thumb/v7-m/nofp/crtbegin.o

.rodata         0x08002f04       0x30
                0x08002f04                . = ALIGN (0x4)
 *(.rodata)
 *(.rodata*)
 .rodata.AHBPrescTable
                0x08002f04       0x10 CMakeFiles/Board_B.elf.dir/Core/Src/system_stm32f1xx.c.obj
                0x08002f04                AHBPrescTable
 .rodata.APBPrescTable
                0x08002f14        0x8 CMakeFiles/Board_B.elf.dir/Core/Src/system_stm32f1xx.c.obj
                0x08002f14                APBPrescTable
 .rodata.HAL_RCC_GetSysClockFreq.str1.4
                0x08002f1c       0x11 CMakeFiles/Board_B.elf.dir/Drivers/STM32F1xx_HAL_Driver/Src/stm32f1xx_hal_rcc.c.obj
 *fill*         0x08002f2d        0x3 
 .rodata._global_impure_ptr
                0x08002f30        0x4 c:/gcc-arm-none-eabi/gcc-arm-none-eabi/bin/../lib/gcc/arm-none-eabi/9.3.1/../../../../arm-none-eabi/lib/thumb/v7-m/nofp\libg.a(lib_a-impure.o)
                0x08002f30                _global_impure_ptr
                0x08002f34                . = ALIGN (0x4)

.rel.dyn        0x08002f34        0x0
 .rel.iplt      0x08002f34        0x0 c:/gcc-arm-none-eabi/gcc-arm-none-eabi/bin/../lib/gcc/arm-none-eabi/9.3.1/thumb/v7-m/nofp/crtbegin.o

.ARM.extab
 *(.ARM.extab* .gnu.linkonce.armextab.*)

.ARM            0x08002f34        0x0
                0x08002f34                __exidx_start = .
 *(.ARM.exidx*)
                0x08002f34                __exidx_end = .

.preinit_array  0x08002f34        0x0
                0x08002f34                PROVIDE (__preinit_array_start = .)
 *(.preinit_array*)
                0x08002f34                PROVIDE (__preinit_array_end = .)

.init_array     0x08002f34        0x8
                0x08002f34                PROVIDE (__init_array_start = .)
 *(SORT_BY_NAME(.init_array.*))
 .init_array.00000
                0x08002f34        0x4 c:/gcc-arm-none-eabi/gcc-arm-none-eabi/bin/../lib/gcc/arm-none-eabi/9.3.1/../../../../arm-none-eabi/lib/thumb/v7-m/nofp\libg.a(lib_a-__call_atexit.o)
 *(.init_array*)
 .init_array    0x08002f38        0x4 c:/gcc-arm-none-eabi/gcc-arm-none-eabi/bin/../lib/gcc/arm-none-eabi/9.3.1/thumb/v7-m/nofp/crtbegin.o
                0x08002f3c                PROVIDE (__init_array_end = .)

.fini_array     0x08002f3c        0x4
                0x08002f3c                PROVIDE (__fini_array_start = .)
 *(SORT_BY_NAME(.fini_array.*))
 *(.fini_array*)
 .fini_array    0x08002f3c        0x4 c:/gcc-arm-none-eabi/gcc-arm-none-eabi/bin/../lib/gcc/arm-none-eabi/9.3.1/thumb/v7-m/nofp/crtbegin.o
                0x08002f40                PROVIDE (__fini_array_end = .)
                0x08002f40                _sidata = LOADADDR (.data)

.data           0x20000000      0x474 load address 0x08002f40
                0x20000000                . = ALIGN (0x4)
                0x20000000                _sdata = .
 *(.data)
 *(.data*)
 .data.arrow    0x20000000       0x30 CMakeFiles/Board_B.elf.dir/Core/Src/WS2512.c.obj
                0x20000000                arrow
 .data.mainPointer
                0x20000030        0x1 CMakeFiles/Board_B.elf.dir/Core/Src/queue.c.obj
                0x20000030                mainPointer
 *fill*         0x20000031        0x3 
 .data.SystemCoreClock
                0x20000034        0x4 CMakeFiles/Board_B.elf.dir/Core/Src/system_stm32f1xx.c.obj
                0x20000034                SystemCoreClock
 .data.temp_data.6559
                0x20000038        0x4 CMakeFiles/Board_B.elf.dir/Core/Src/tim.c.obj
 .data.temp_data.6561
                0x2000003c        0x4 CMakeFiles/Board_B.elf.dir/Core/Src/tim.c.obj
 .data.uwTickFreq
                0x20000040        0x1 CMakeFiles/Board_B.elf.dir/Drivers/STM32F1xx_HAL_Driver/Src/stm32f1xx_hal.c.obj
                0x20000040                uwTickFreq
 *fill*         0x20000041        0x3 
 .data.uwTickPrio
                0x20000044        0x4 CMakeFiles/Board_B.elf.dir/Drivers/STM32F1xx_HAL_Driver/Src/stm32f1xx_hal.c.obj
                0x20000044                uwTickPrio
 .data.impure_data
                0x20000048      0x428 c:/gcc-arm-none-eabi/gcc-arm-none-eabi/bin/../lib/gcc/arm-none-eabi/9.3.1/../../../../arm-none-eabi/lib/thumb/v7-m/nofp\libg.a(lib_a-impure.o)
 .data.__atexit_recursive_mutex
                0x20000470        0x4 c:/gcc-arm-none-eabi/gcc-arm-none-eabi/bin/../lib/gcc/arm-none-eabi/9.3.1/../../../../arm-none-eabi/lib/thumb/v7-m/nofp\libg.a(lib_a-__call_atexit.o)
                0x20000470                __atexit_recursive_mutex
                0x20000474                . = ALIGN (0x4)
                0x20000474                _edata = .

.igot.plt       0x20000474        0x0 load address 0x080033b4
 .igot.plt      0x20000474        0x0 c:/gcc-arm-none-eabi/gcc-arm-none-eabi/bin/../lib/gcc/arm-none-eabi/9.3.1/thumb/v7-m/nofp/crtbegin.o
                0x20000474                . = ALIGN (0x4)

.bss            0x20000474     0x1654 load address 0x080033b4
                0x20000474                _sbss = .
                0x20000474                __bss_start__ = _sbss
 *(.bss)
 .bss           0x20000474       0x1c c:/gcc-arm-none-eabi/gcc-arm-none-eabi/bin/../lib/gcc/arm-none-eabi/9.3.1/thumb/v7-m/nofp/crtbegin.o
 *(.bss*)
 .bss.LED_State
                0x20000490        0xe CMakeFiles/Board_B.elf.dir/Core/Src/WS2512.c.obj
                0x20000490                LED_State
 *fill*         0x2000049e        0x2 
 .bss.LED_off   0x200004a0       0x18 CMakeFiles/Board_B.elf.dir/Core/Src/WS2512.c.obj
                0x200004a0                LED_off
 .bss.LED_on    0x200004b8       0x18 CMakeFiles/Board_B.elf.dir/Core/Src/WS2512.c.obj
                0x200004b8                LED_on
 .bss.arrows    0x200004d0     0x1200 CMakeFiles/Board_B.elf.dir/Core/Src/WS2512.c.obj
                0x200004d0                arrows
 .bss.data_queue
                0x200016d0        0x4 CMakeFiles/Board_B.elf.dir/Core/Src/WS2512.c.obj
                0x200016d0                data_queue
 .bss.mid1_arrow
                0x200016d4        0x4 CMakeFiles/Board_B.elf.dir/Core/Src/WS2512.c.obj
                0x200016d4                mid1_arrow
 .bss.mid2_arrow
                0x200016d8        0x4 CMakeFiles/Board_B.elf.dir/Core/Src/WS2512.c.obj
                0x200016d8                mid2_arrow
 .bss.hdma_memtomem_dma1_channel3
                0x200016dc       0x44 CMakeFiles/Board_B.elf.dir/Core/Src/dma.c.obj
                0x200016dc                hdma_memtomem_dma1_channel3
 .bss.mainQueue
                0x20001720       0x80 CMakeFiles/Board_B.elf.dir/Core/Src/queue.c.obj
                0x20001720                mainQueue
 .bss.hdma_tim1_ch1
                0x200017a0       0x44 CMakeFiles/Board_B.elf.dir/Core/Src/tim.c.obj
                0x200017a0                hdma_tim1_ch1
 .bss.hdma_tim1_ch4_trig_com
                0x200017e4       0x44 CMakeFiles/Board_B.elf.dir/Core/Src/tim.c.obj
                0x200017e4                hdma_tim1_ch4_trig_com
 .bss.hdma_tim2_ch1
                0x20001828       0x44 CMakeFiles/Board_B.elf.dir/Core/Src/tim.c.obj
                0x20001828                hdma_tim2_ch1
 .bss.hdma_tim2_ch2_ch4
                0x2000186c       0x44 CMakeFiles/Board_B.elf.dir/Core/Src/tim.c.obj
                0x2000186c                hdma_tim2_ch2_ch4
 .bss.hdma_tim2_ch3
                0x200018b0       0x44 CMakeFiles/Board_B.elf.dir/Core/Src/tim.c.obj
                0x200018b0                hdma_tim2_ch3
 .bss.hdma_tim3_ch1_trig
                0x200018f4       0x44 CMakeFiles/Board_B.elf.dir/Core/Src/tim.c.obj
                0x200018f4                hdma_tim3_ch1_trig
 .bss.htim1     0x20001938       0x48 CMakeFiles/Board_B.elf.dir/Core/Src/tim.c.obj
                0x20001938                htim1
 .bss.htim2     0x20001980       0x48 CMakeFiles/Board_B.elf.dir/Core/Src/tim.c.obj
                0x20001980                htim2
 .bss.htim3     0x200019c8       0x48 CMakeFiles/Board_B.elf.dir/Core/Src/tim.c.obj
                0x200019c8                htim3
 .bss.htim4     0x20001a10       0x48 CMakeFiles/Board_B.elf.dir/Core/Src/tim.c.obj
                0x20001a10                htim4
 .bss.huart1    0x20001a58       0x44 CMakeFiles/Board_B.elf.dir/Core/Src/usart.c.obj
                0x20001a58                huart1
 .bss.rx_data   0x20001a9c        0x1 CMakeFiles/Board_B.elf.dir/Core/Src/usart.c.obj
                0x20001a9c                rx_data
 *fill*         0x20001a9d        0x3 
 .bss.uwTick    0x20001aa0        0x4 CMakeFiles/Board_B.elf.dir/Drivers/STM32F1xx_HAL_Driver/Src/stm32f1xx_hal.c.obj
                0x20001aa0                uwTick
 *(COMMON)
 COMMON         0x20001aa4       0x21 c:/gcc-arm-none-eabi/gcc-arm-none-eabi/bin/../lib/gcc/arm-none-eabi/9.3.1/../../../../arm-none-eabi/lib/thumb/v7-m/nofp\libg.a(lib_a-lock.o)
                0x20001aa4                __lock___atexit_recursive_mutex
                0x20001aa8                __lock___arc4random_mutex
                0x20001aac                __lock___env_recursive_mutex
                0x20001ab0                __lock___sinit_recursive_mutex
                0x20001ab4                __lock___malloc_recursive_mutex
                0x20001ab8                __lock___at_quick_exit_mutex
                0x20001abc                __lock___dd_hash_mutex
                0x20001ac0                __lock___tz_mutex
                0x20001ac4                __lock___sfp_recursive_mutex
                0x20001ac8                . = ALIGN (0x4)
 *fill*         0x20001ac5        0x3 
                0x20001ac8                _ebss = .
                0x20001ac8                __bss_end__ = _ebss

._user_heap_stack
                0x20001ac8      0x600 load address 0x080033b4
                0x20001ac8                . = ALIGN (0x8)
                0x20001ac8                PROVIDE (end = .)
                [!provide]                PROVIDE (_end = .)
                0x20001cc8                . = (. + _Min_Heap_Size)
 *fill*         0x20001ac8      0x200 
                0x200020c8                . = (. + _Min_Stack_Size)
 *fill*         0x20001cc8      0x400 
                0x200020c8                . = ALIGN (0x8)

/DISCARD/
 libc.a(*)
 libm.a(*)
 libgcc.a(*)

.ARM.attributes
                0x00000000       0x29
 *(.ARM.attributes)
 .ARM.attributes
                0x00000000       0x1d c:/gcc-arm-none-eabi/gcc-arm-none-eabi/bin/../lib/gcc/arm-none-eabi/9.3.1/thumb/v7-m/nofp/crti.o
 .ARM.attributes
                0x0000001d       0x2d c:/gcc-arm-none-eabi/gcc-arm-none-eabi/bin/../lib/gcc/arm-none-eabi/9.3.1/thumb/v7-m/nofp/crtbegin.o
 .ARM.attributes
                0x0000004a       0x2d CMakeFiles/Board_B.elf.dir/Core/Src/WS2512.c.obj
 .ARM.attributes
                0x00000077       0x2d CMakeFiles/Board_B.elf.dir/Core/Src/dma.c.obj
 .ARM.attributes
                0x000000a4       0x2d CMakeFiles/Board_B.elf.dir/Core/Src/gpio.c.obj
 .ARM.attributes
                0x000000d1       0x2d CMakeFiles/Board_B.elf.dir/Core/Src/main.c.obj
 .ARM.attributes
                0x000000fe       0x2d CMakeFiles/Board_B.elf.dir/Core/Src/queue.c.obj
 .ARM.attributes
                0x0000012b       0x2d CMakeFiles/Board_B.elf.dir/Core/Src/stm32f1xx_hal_msp.c.obj
 .ARM.attributes
                0x00000158       0x2d CMakeFiles/Board_B.elf.dir/Core/Src/stm32f1xx_it.c.obj
 .ARM.attributes
                0x00000185       0x2d CMakeFiles/Board_B.elf.dir/Core/Src/system_stm32f1xx.c.obj
 .ARM.attributes
                0x000001b2       0x2d CMakeFiles/Board_B.elf.dir/Core/Src/tim.c.obj
 .ARM.attributes
                0x000001df       0x2d CMakeFiles/Board_B.elf.dir/Core/Src/usart.c.obj
 .ARM.attributes
                0x0000020c       0x2d CMakeFiles/Board_B.elf.dir/Drivers/STM32F1xx_HAL_Driver/Src/stm32f1xx_hal.c.obj
 .ARM.attributes
                0x00000239       0x2d CMakeFiles/Board_B.elf.dir/Drivers/STM32F1xx_HAL_Driver/Src/stm32f1xx_hal_cortex.c.obj
 .ARM.attributes
                0x00000266       0x2d CMakeFiles/Board_B.elf.dir/Drivers/STM32F1xx_HAL_Driver/Src/stm32f1xx_hal_dma.c.obj
 .ARM.attributes
                0x00000293       0x2d CMakeFiles/Board_B.elf.dir/Drivers/STM32F1xx_HAL_Driver/Src/stm32f1xx_hal_gpio.c.obj
 .ARM.attributes
                0x000002c0       0x2d CMakeFiles/Board_B.elf.dir/Drivers/STM32F1xx_HAL_Driver/Src/stm32f1xx_hal_rcc.c.obj
 .ARM.attributes
                0x000002ed       0x2d CMakeFiles/Board_B.elf.dir/Drivers/STM32F1xx_HAL_Driver/Src/stm32f1xx_hal_tim.c.obj
 .ARM.attributes
                0x0000031a       0x2d CMakeFiles/Board_B.elf.dir/Drivers/STM32F1xx_HAL_Driver/Src/stm32f1xx_hal_tim_ex.c.obj
 .ARM.attributes
                0x00000347       0x2d CMakeFiles/Board_B.elf.dir/Drivers/STM32F1xx_HAL_Driver/Src/stm32f1xx_hal_uart.c.obj
 .ARM.attributes
                0x00000374       0x21 CMakeFiles/Board_B.elf.dir/startup/startup_stm32f103xb.s.obj
 .ARM.attributes
                0x00000395       0x2d c:/gcc-arm-none-eabi/gcc-arm-none-eabi/bin/../lib/gcc/arm-none-eabi/9.3.1/../../../../arm-none-eabi/lib/thumb/v7-m/nofp\libg.a(lib_a-impure.o)
 .ARM.attributes
                0x000003c2       0x2d c:/gcc-arm-none-eabi/gcc-arm-none-eabi/bin/../lib/gcc/arm-none-eabi/9.3.1/../../../../arm-none-eabi/lib/thumb/v7-m/nofp\libg.a(lib_a-init.o)
 .ARM.attributes
                0x000003ef       0x1b c:/gcc-arm-none-eabi/gcc-arm-none-eabi/bin/../lib/gcc/arm-none-eabi/9.3.1/../../../../arm-none-eabi/lib/thumb/v7-m/nofp\libg.a(lib_a-memcpy.o)
 .ARM.attributes
                0x0000040a       0x2d c:/gcc-arm-none-eabi/gcc-arm-none-eabi/bin/../lib/gcc/arm-none-eabi/9.3.1/../../../../arm-none-eabi/lib/thumb/v7-m/nofp\libg.a(lib_a-memset.o)
 .ARM.attributes
                0x00000437       0x2d c:/gcc-arm-none-eabi/gcc-arm-none-eabi/bin/../lib/gcc/arm-none-eabi/9.3.1/../../../../arm-none-eabi/lib/thumb/v7-m/nofp\libg.a(lib_a-__call_atexit.o)
 .ARM.attributes
                0x00000464       0x2d c:/gcc-arm-none-eabi/gcc-arm-none-eabi/bin/../lib/gcc/arm-none-eabi/9.3.1/../../../../arm-none-eabi/lib/thumb/v7-m/nofp\libg.a(lib_a-atexit.o)
 .ARM.attributes
                0x00000491       0x2d c:/gcc-arm-none-eabi/gcc-arm-none-eabi/bin/../lib/gcc/arm-none-eabi/9.3.1/../../../../arm-none-eabi/lib/thumb/v7-m/nofp\libg.a(lib_a-fini.o)
 .ARM.attributes
                0x000004be       0x2d c:/gcc-arm-none-eabi/gcc-arm-none-eabi/bin/../lib/gcc/arm-none-eabi/9.3.1/../../../../arm-none-eabi/lib/thumb/v7-m/nofp\libg.a(lib_a-lock.o)
 .ARM.attributes
                0x000004eb       0x2d c:/gcc-arm-none-eabi/gcc-arm-none-eabi/bin/../lib/gcc/arm-none-eabi/9.3.1/../../../../arm-none-eabi/lib/thumb/v7-m/nofp\libg.a(lib_a-__atexit.o)
 .ARM.attributes
                0x00000518       0x1d c:/gcc-arm-none-eabi/gcc-arm-none-eabi/bin/../lib/gcc/arm-none-eabi/9.3.1/thumb/v7-m/nofp/crtn.o
OUTPUT(Board_B.elf elf32-littlearm)
LOAD linker stubs
LOAD c:/gcc-arm-none-eabi/gcc-arm-none-eabi/bin/../lib/gcc/arm-none-eabi/9.3.1/../../../../arm-none-eabi/lib/thumb/v7-m/nofp\libc.a
LOAD c:/gcc-arm-none-eabi/gcc-arm-none-eabi/bin/../lib/gcc/arm-none-eabi/9.3.1/../../../../arm-none-eabi/lib/thumb/v7-m/nofp\libm.a
LOAD c:/gcc-arm-none-eabi/gcc-arm-none-eabi/bin/../lib/gcc/arm-none-eabi/9.3.1/thumb/v7-m/nofp\libgcc.a

.debug_info     0x00000000    0x12436
 .debug_info    0x00000000     0x143a CMakeFiles/Board_B.elf.dir/Core/Src/WS2512.c.obj
 .debug_info    0x0000143a      0x778 CMakeFiles/Board_B.elf.dir/Core/Src/dma.c.obj
 .debug_info    0x00001bb2      0x268 CMakeFiles/Board_B.elf.dir/Core/Src/gpio.c.obj
 .debug_info    0x00001e1a     0x15f1 CMakeFiles/Board_B.elf.dir/Core/Src/main.c.obj
 .debug_info    0x0000340b      0xc30 CMakeFiles/Board_B.elf.dir/Core/Src/queue.c.obj
 .debug_info    0x0000403b      0x2fd CMakeFiles/Board_B.elf.dir/Core/Src/stm32f1xx_hal_msp.c.obj
 .debug_info    0x00004338      0xc10 CMakeFiles/Board_B.elf.dir/Core/Src/stm32f1xx_it.c.obj
 .debug_info    0x00004f48      0x2c9 CMakeFiles/Board_B.elf.dir/Core/Src/system_stm32f1xx.c.obj
 .debug_info    0x00005211     0x2101 CMakeFiles/Board_B.elf.dir/Core/Src/tim.c.obj
 .debug_info    0x00007312      0xb41 CMakeFiles/Board_B.elf.dir/Core/Src/usart.c.obj
 .debug_info    0x00007e53      0x831 CMakeFiles/Board_B.elf.dir/Drivers/STM32F1xx_HAL_Driver/Src/stm32f1xx_hal.c.obj
 .debug_info    0x00008684      0xe46 CMakeFiles/Board_B.elf.dir/Drivers/STM32F1xx_HAL_Driver/Src/stm32f1xx_hal_cortex.c.obj
 .debug_info    0x000094ca      0x932 CMakeFiles/Board_B.elf.dir/Drivers/STM32F1xx_HAL_Driver/Src/stm32f1xx_hal_dma.c.obj
 .debug_info    0x00009dfc      0x75b CMakeFiles/Board_B.elf.dir/Drivers/STM32F1xx_HAL_Driver/Src/stm32f1xx_hal_gpio.c.obj
 .debug_info    0x0000a557      0xaab CMakeFiles/Board_B.elf.dir/Drivers/STM32F1xx_HAL_Driver/Src/stm32f1xx_hal_rcc.c.obj
 .debug_info    0x0000b002     0x3be0 CMakeFiles/Board_B.elf.dir/Drivers/STM32F1xx_HAL_Driver/Src/stm32f1xx_hal_tim.c.obj
 .debug_info    0x0000ebe2     0x1ad3 CMakeFiles/Board_B.elf.dir/Drivers/STM32F1xx_HAL_Driver/Src/stm32f1xx_hal_tim_ex.c.obj
 .debug_info    0x000106b5     0x1d5f CMakeFiles/Board_B.elf.dir/Drivers/STM32F1xx_HAL_Driver/Src/stm32f1xx_hal_uart.c.obj
 .debug_info    0x00012414       0x22 CMakeFiles/Board_B.elf.dir/startup/startup_stm32f103xb.s.obj

.debug_abbrev   0x00000000     0x28ad
 .debug_abbrev  0x00000000      0x2f1 CMakeFiles/Board_B.elf.dir/Core/Src/WS2512.c.obj
 .debug_abbrev  0x000002f1      0x1c6 CMakeFiles/Board_B.elf.dir/Core/Src/dma.c.obj
 .debug_abbrev  0x000004b7      0x11a CMakeFiles/Board_B.elf.dir/Core/Src/gpio.c.obj
 .debug_abbrev  0x000005d1      0x2c3 CMakeFiles/Board_B.elf.dir/Core/Src/main.c.obj
 .debug_abbrev  0x00000894      0x2ab CMakeFiles/Board_B.elf.dir/Core/Src/queue.c.obj
 .debug_abbrev  0x00000b3f      0x12e CMakeFiles/Board_B.elf.dir/Core/Src/stm32f1xx_hal_msp.c.obj
 .debug_abbrev  0x00000c6d      0x1af CMakeFiles/Board_B.elf.dir/Core/Src/stm32f1xx_it.c.obj
 .debug_abbrev  0x00000e1c      0x151 CMakeFiles/Board_B.elf.dir/Core/Src/system_stm32f1xx.c.obj
 .debug_abbrev  0x00000f6d      0x337 CMakeFiles/Board_B.elf.dir/Core/Src/tim.c.obj
 .debug_abbrev  0x000012a4      0x209 CMakeFiles/Board_B.elf.dir/Core/Src/usart.c.obj
 .debug_abbrev  0x000014ad      0x219 CMakeFiles/Board_B.elf.dir/Drivers/STM32F1xx_HAL_Driver/Src/stm32f1xx_hal.c.obj
 .debug_abbrev  0x000016c6      0x367 CMakeFiles/Board_B.elf.dir/Drivers/STM32F1xx_HAL_Driver/Src/stm32f1xx_hal_cortex.c.obj
 .debug_abbrev  0x00001a2d      0x262 CMakeFiles/Board_B.elf.dir/Drivers/STM32F1xx_HAL_Driver/Src/stm32f1xx_hal_dma.c.obj
 .debug_abbrev  0x00001c8f      0x213 CMakeFiles/Board_B.elf.dir/Drivers/STM32F1xx_HAL_Driver/Src/stm32f1xx_hal_gpio.c.obj
 .debug_abbrev  0x00001ea2      0x28d CMakeFiles/Board_B.elf.dir/Drivers/STM32F1xx_HAL_Driver/Src/stm32f1xx_hal_rcc.c.obj
 .debug_abbrev  0x0000212f      0x26b CMakeFiles/Board_B.elf.dir/Drivers/STM32F1xx_HAL_Driver/Src/stm32f1xx_hal_tim.c.obj
 .debug_abbrev  0x0000239a      0x26e CMakeFiles/Board_B.elf.dir/Drivers/STM32F1xx_HAL_Driver/Src/stm32f1xx_hal_tim_ex.c.obj
 .debug_abbrev  0x00002608      0x293 CMakeFiles/Board_B.elf.dir/Drivers/STM32F1xx_HAL_Driver/Src/stm32f1xx_hal_uart.c.obj
 .debug_abbrev  0x0000289b       0x12 CMakeFiles/Board_B.elf.dir/startup/startup_stm32f103xb.s.obj

.debug_loc      0x00000000     0xa58a
 .debug_loc     0x00000000      0x322 CMakeFiles/Board_B.elf.dir/Core/Src/WS2512.c.obj
 .debug_loc     0x00000322      0x1b4 CMakeFiles/Board_B.elf.dir/Core/Src/queue.c.obj
 .debug_loc     0x000004d6       0x15 CMakeFiles/Board_B.elf.dir/Core/Src/stm32f1xx_hal_msp.c.obj
 .debug_loc     0x000004eb       0xff CMakeFiles/Board_B.elf.dir/Core/Src/system_stm32f1xx.c.obj
 .debug_loc     0x000005ea      0x2ec CMakeFiles/Board_B.elf.dir/Core/Src/tim.c.obj
 .debug_loc     0x000008d6       0xa9 CMakeFiles/Board_B.elf.dir/Core/Src/usart.c.obj
 .debug_loc     0x0000097f      0x141 CMakeFiles/Board_B.elf.dir/Drivers/STM32F1xx_HAL_Driver/Src/stm32f1xx_hal.c.obj
 .debug_loc     0x00000ac0      0x71f CMakeFiles/Board_B.elf.dir/Drivers/STM32F1xx_HAL_Driver/Src/stm32f1xx_hal_cortex.c.obj
 .debug_loc     0x000011df      0x7d1 CMakeFiles/Board_B.elf.dir/Drivers/STM32F1xx_HAL_Driver/Src/stm32f1xx_hal_dma.c.obj
 .debug_loc     0x000019b0      0x468 CMakeFiles/Board_B.elf.dir/Drivers/STM32F1xx_HAL_Driver/Src/stm32f1xx_hal_gpio.c.obj
 .debug_loc     0x00001e18      0x5da CMakeFiles/Board_B.elf.dir/Drivers/STM32F1xx_HAL_Driver/Src/stm32f1xx_hal_rcc.c.obj
 .debug_loc     0x000023f2     0x46d6 CMakeFiles/Board_B.elf.dir/Drivers/STM32F1xx_HAL_Driver/Src/stm32f1xx_hal_tim.c.obj
 .debug_loc     0x00006ac8     0x1a8b CMakeFiles/Board_B.elf.dir/Drivers/STM32F1xx_HAL_Driver/Src/stm32f1xx_hal_tim_ex.c.obj
 .debug_loc     0x00008553     0x2037 CMakeFiles/Board_B.elf.dir/Drivers/STM32F1xx_HAL_Driver/Src/stm32f1xx_hal_uart.c.obj

.debug_aranges  0x00000000      0xcb8
 .debug_aranges
                0x00000000       0x40 CMakeFiles/Board_B.elf.dir/Core/Src/WS2512.c.obj
 .debug_aranges
                0x00000040       0x20 CMakeFiles/Board_B.elf.dir/Core/Src/dma.c.obj
 .debug_aranges
                0x00000060       0x20 CMakeFiles/Board_B.elf.dir/Core/Src/gpio.c.obj
 .debug_aranges
                0x00000080       0x30 CMakeFiles/Board_B.elf.dir/Core/Src/main.c.obj
 .debug_aranges
                0x000000b0       0x38 CMakeFiles/Board_B.elf.dir/Core/Src/queue.c.obj
 .debug_aranges
                0x000000e8       0x20 CMakeFiles/Board_B.elf.dir/Core/Src/stm32f1xx_hal_msp.c.obj
 .debug_aranges
                0x00000108       0xb8 CMakeFiles/Board_B.elf.dir/Core/Src/stm32f1xx_it.c.obj
 .debug_aranges
                0x000001c0       0x28 CMakeFiles/Board_B.elf.dir/Core/Src/system_stm32f1xx.c.obj
 .debug_aranges
                0x000001e8       0x60 CMakeFiles/Board_B.elf.dir/Core/Src/tim.c.obj
 .debug_aranges
                0x00000248       0x38 CMakeFiles/Board_B.elf.dir/Core/Src/usart.c.obj
 .debug_aranges
                0x00000280       0xe0 CMakeFiles/Board_B.elf.dir/Drivers/STM32F1xx_HAL_Driver/Src/stm32f1xx_hal.c.obj
 .debug_aranges
                0x00000360       0x90 CMakeFiles/Board_B.elf.dir/Drivers/STM32F1xx_HAL_Driver/Src/stm32f1xx_hal_cortex.c.obj
 .debug_aranges
                0x000003f0       0x80 CMakeFiles/Board_B.elf.dir/Drivers/STM32F1xx_HAL_Driver/Src/stm32f1xx_hal_dma.c.obj
 .debug_aranges
                0x00000470       0x58 CMakeFiles/Board_B.elf.dir/Drivers/STM32F1xx_HAL_Driver/Src/stm32f1xx_hal_gpio.c.obj
 .debug_aranges
                0x000004c8       0x90 CMakeFiles/Board_B.elf.dir/Drivers/STM32F1xx_HAL_Driver/Src/stm32f1xx_hal_rcc.c.obj
 .debug_aranges
                0x00000558      0x3d0 CMakeFiles/Board_B.elf.dir/Drivers/STM32F1xx_HAL_Driver/Src/stm32f1xx_hal_tim.c.obj
 .debug_aranges
                0x00000928      0x168 CMakeFiles/Board_B.elf.dir/Drivers/STM32F1xx_HAL_Driver/Src/stm32f1xx_hal_tim_ex.c.obj
 .debug_aranges
                0x00000a90      0x200 CMakeFiles/Board_B.elf.dir/Drivers/STM32F1xx_HAL_Driver/Src/stm32f1xx_hal_uart.c.obj
 .debug_aranges
                0x00000c90       0x28 CMakeFiles/Board_B.elf.dir/startup/startup_stm32f103xb.s.obj

.debug_ranges   0x00000000      0xc28
 .debug_ranges  0x00000000       0x48 CMakeFiles/Board_B.elf.dir/Core/Src/WS2512.c.obj
 .debug_ranges  0x00000048       0x10 CMakeFiles/Board_B.elf.dir/Core/Src/dma.c.obj
 .debug_ranges  0x00000058       0x10 CMakeFiles/Board_B.elf.dir/Core/Src/gpio.c.obj
 .debug_ranges  0x00000068       0x20 CMakeFiles/Board_B.elf.dir/Core/Src/main.c.obj
 .debug_ranges  0x00000088       0x28 CMakeFiles/Board_B.elf.dir/Core/Src/queue.c.obj
 .debug_ranges  0x000000b0       0x10 CMakeFiles/Board_B.elf.dir/Core/Src/stm32f1xx_hal_msp.c.obj
 .debug_ranges  0x000000c0       0xa8 CMakeFiles/Board_B.elf.dir/Core/Src/stm32f1xx_it.c.obj
 .debug_ranges  0x00000168       0x18 CMakeFiles/Board_B.elf.dir/Core/Src/system_stm32f1xx.c.obj
 .debug_ranges  0x00000180       0x50 CMakeFiles/Board_B.elf.dir/Core/Src/tim.c.obj
 .debug_ranges  0x000001d0       0x28 CMakeFiles/Board_B.elf.dir/Core/Src/usart.c.obj
 .debug_ranges  0x000001f8       0xd0 CMakeFiles/Board_B.elf.dir/Drivers/STM32F1xx_HAL_Driver/Src/stm32f1xx_hal.c.obj
 .debug_ranges  0x000002c8       0xe0 CMakeFiles/Board_B.elf.dir/Drivers/STM32F1xx_HAL_Driver/Src/stm32f1xx_hal_cortex.c.obj
 .debug_ranges  0x000003a8       0x70 CMakeFiles/Board_B.elf.dir/Drivers/STM32F1xx_HAL_Driver/Src/stm32f1xx_hal_dma.c.obj
 .debug_ranges  0x00000418       0x48 CMakeFiles/Board_B.elf.dir/Drivers/STM32F1xx_HAL_Driver/Src/stm32f1xx_hal_gpio.c.obj
 .debug_ranges  0x00000460       0xa0 CMakeFiles/Board_B.elf.dir/Drivers/STM32F1xx_HAL_Driver/Src/stm32f1xx_hal_rcc.c.obj
 .debug_ranges  0x00000500      0x3c0 CMakeFiles/Board_B.elf.dir/Drivers/STM32F1xx_HAL_Driver/Src/stm32f1xx_hal_tim.c.obj
 .debug_ranges  0x000008c0      0x158 CMakeFiles/Board_B.elf.dir/Drivers/STM32F1xx_HAL_Driver/Src/stm32f1xx_hal_tim_ex.c.obj
 .debug_ranges  0x00000a18      0x1f0 CMakeFiles/Board_B.elf.dir/Drivers/STM32F1xx_HAL_Driver/Src/stm32f1xx_hal_uart.c.obj
 .debug_ranges  0x00000c08       0x20 CMakeFiles/Board_B.elf.dir/startup/startup_stm32f103xb.s.obj

.debug_line     0x00000000     0xda2b
 .debug_line    0x00000000      0x553 CMakeFiles/Board_B.elf.dir/Core/Src/WS2512.c.obj
 .debug_line    0x00000553      0x2da CMakeFiles/Board_B.elf.dir/Core/Src/dma.c.obj
 .debug_line    0x0000082d      0x207 CMakeFiles/Board_B.elf.dir/Core/Src/gpio.c.obj
 .debug_line    0x00000a34      0x461 CMakeFiles/Board_B.elf.dir/Core/Src/main.c.obj
 .debug_line    0x00000e95      0x41e CMakeFiles/Board_B.elf.dir/Core/Src/queue.c.obj
 .debug_line    0x000012b3      0x21b CMakeFiles/Board_B.elf.dir/Core/Src/stm32f1xx_hal_msp.c.obj
 .debug_line    0x000014ce      0x467 CMakeFiles/Board_B.elf.dir/Core/Src/stm32f1xx_it.c.obj
 .debug_line    0x00001935      0x2ce CMakeFiles/Board_B.elf.dir/Core/Src/system_stm32f1xx.c.obj
 .debug_line    0x00001c03      0xc1d CMakeFiles/Board_B.elf.dir/Core/Src/tim.c.obj
 .debug_line    0x00002820      0x3c5 CMakeFiles/Board_B.elf.dir/Core/Src/usart.c.obj
 .debug_line    0x00002be5      0x55e CMakeFiles/Board_B.elf.dir/Drivers/STM32F1xx_HAL_Driver/Src/stm32f1xx_hal.c.obj
 .debug_line    0x00003143      0x6b4 CMakeFiles/Board_B.elf.dir/Drivers/STM32F1xx_HAL_Driver/Src/stm32f1xx_hal_cortex.c.obj
 .debug_line    0x000037f7      0xad3 CMakeFiles/Board_B.elf.dir/Drivers/STM32F1xx_HAL_Driver/Src/stm32f1xx_hal_dma.c.obj
 .debug_line    0x000042ca      0x660 CMakeFiles/Board_B.elf.dir/Drivers/STM32F1xx_HAL_Driver/Src/stm32f1xx_hal_gpio.c.obj
 .debug_line    0x0000492a      0xc7f CMakeFiles/Board_B.elf.dir/Drivers/STM32F1xx_HAL_Driver/Src/stm32f1xx_hal_rcc.c.obj
 .debug_line    0x000055a9     0x46e7 CMakeFiles/Board_B.elf.dir/Drivers/STM32F1xx_HAL_Driver/Src/stm32f1xx_hal_tim.c.obj
 .debug_line    0x00009c90     0x1be2 CMakeFiles/Board_B.elf.dir/Drivers/STM32F1xx_HAL_Driver/Src/stm32f1xx_hal_tim_ex.c.obj
 .debug_line    0x0000b872     0x2123 CMakeFiles/Board_B.elf.dir/Drivers/STM32F1xx_HAL_Driver/Src/stm32f1xx_hal_uart.c.obj
 .debug_line    0x0000d995       0x96 CMakeFiles/Board_B.elf.dir/startup/startup_stm32f103xb.s.obj

.debug_str      0x00000000     0x3f12
 .debug_str     0x00000000      0xbb0 CMakeFiles/Board_B.elf.dir/Core/Src/WS2512.c.obj
                                0xcb7 (size before relaxing)
 .debug_str     0x00000bb0      0x3d4 CMakeFiles/Board_B.elf.dir/Core/Src/dma.c.obj
                                0x81b (size before relaxing)
 .debug_str     0x00000f84       0x36 CMakeFiles/Board_B.elf.dir/Core/Src/gpio.c.obj
                                0x2ec (size before relaxing)
 .debug_str     0x00000fba      0x3ad CMakeFiles/Board_B.elf.dir/Core/Src/main.c.obj
                                0xfd2 (size before relaxing)
 .debug_str     0x00001367       0x98 CMakeFiles/Board_B.elf.dir/Core/Src/queue.c.obj
                                0x73f (size before relaxing)
 .debug_str     0x000013ff       0x70 CMakeFiles/Board_B.elf.dir/Core/Src/stm32f1xx_hal_msp.c.obj
                                0x326 (size before relaxing)
 .debug_str     0x0000146f      0x258 CMakeFiles/Board_B.elf.dir/Core/Src/stm32f1xx_it.c.obj
                                0xb84 (size before relaxing)
 .debug_str     0x000016c7       0x68 CMakeFiles/Board_B.elf.dir/Core/Src/system_stm32f1xx.c.obj
                                0x31d (size before relaxing)
 .debug_str     0x0000172f      0x3b0 CMakeFiles/Board_B.elf.dir/Core/Src/tim.c.obj
                               0x13a1 (size before relaxing)
 .debug_str     0x00001adf       0xa9 CMakeFiles/Board_B.elf.dir/Core/Src/usart.c.obj
                                0xad8 (size before relaxing)
 .debug_str     0x00001b88      0x2a3 CMakeFiles/Board_B.elf.dir/Drivers/STM32F1xx_HAL_Driver/Src/stm32f1xx_hal.c.obj
                                0x89a (size before relaxing)
 .debug_str     0x00001e2b      0x3aa CMakeFiles/Board_B.elf.dir/Drivers/STM32F1xx_HAL_Driver/Src/stm32f1xx_hal_cortex.c.obj
                                0x9b6 (size before relaxing)
 .debug_str     0x000021d5      0x226 CMakeFiles/Board_B.elf.dir/Drivers/STM32F1xx_HAL_Driver/Src/stm32f1xx_hal_dma.c.obj
                                0x704 (size before relaxing)
 .debug_str     0x000023fb      0x159 CMakeFiles/Board_B.elf.dir/Drivers/STM32F1xx_HAL_Driver/Src/stm32f1xx_hal_gpio.c.obj
                                0x507 (size before relaxing)
 .debug_str     0x00002554      0x20a CMakeFiles/Board_B.elf.dir/Drivers/STM32F1xx_HAL_Driver/Src/stm32f1xx_hal_rcc.c.obj
                                0x6e9 (size before relaxing)
 .debug_str     0x0000275e      0xd32 CMakeFiles/Board_B.elf.dir/Drivers/STM32F1xx_HAL_Driver/Src/stm32f1xx_hal_tim.c.obj
                               0x173f (size before relaxing)
 .debug_str     0x00003490      0x488 CMakeFiles/Board_B.elf.dir/Drivers/STM32F1xx_HAL_Driver/Src/stm32f1xx_hal_tim_ex.c.obj
                                0xf40 (size before relaxing)
 .debug_str     0x00003918      0x5b5 CMakeFiles/Board_B.elf.dir/Drivers/STM32F1xx_HAL_Driver/Src/stm32f1xx_hal_uart.c.obj
                                0xd83 (size before relaxing)
 .debug_str     0x00003ecd       0x45 CMakeFiles/Board_B.elf.dir/startup/startup_stm32f103xb.s.obj
                                 0x70 (size before relaxing)

.comment        0x00000000       0x4c
 .comment       0x00000000       0x4c CMakeFiles/Board_B.elf.dir/Core/Src/WS2512.c.obj
                                 0x4d (size before relaxing)
 .comment       0x0000004c       0x4d CMakeFiles/Board_B.elf.dir/Core/Src/dma.c.obj
 .comment       0x0000004c       0x4d CMakeFiles/Board_B.elf.dir/Core/Src/gpio.c.obj
 .comment       0x0000004c       0x4d CMakeFiles/Board_B.elf.dir/Core/Src/main.c.obj
 .comment       0x0000004c       0x4d CMakeFiles/Board_B.elf.dir/Core/Src/queue.c.obj
 .comment       0x0000004c       0x4d CMakeFiles/Board_B.elf.dir/Core/Src/stm32f1xx_hal_msp.c.obj
 .comment       0x0000004c       0x4d CMakeFiles/Board_B.elf.dir/Core/Src/stm32f1xx_it.c.obj
 .comment       0x0000004c       0x4d CMakeFiles/Board_B.elf.dir/Core/Src/system_stm32f1xx.c.obj
 .comment       0x0000004c       0x4d CMakeFiles/Board_B.elf.dir/Core/Src/tim.c.obj
 .comment       0x0000004c       0x4d CMakeFiles/Board_B.elf.dir/Core/Src/usart.c.obj
 .comment       0x0000004c       0x4d CMakeFiles/Board_B.elf.dir/Drivers/STM32F1xx_HAL_Driver/Src/stm32f1xx_hal.c.obj
 .comment       0x0000004c       0x4d CMakeFiles/Board_B.elf.dir/Drivers/STM32F1xx_HAL_Driver/Src/stm32f1xx_hal_cortex.c.obj
 .comment       0x0000004c       0x4d CMakeFiles/Board_B.elf.dir/Drivers/STM32F1xx_HAL_Driver/Src/stm32f1xx_hal_dma.c.obj
 .comment       0x0000004c       0x4d CMakeFiles/Board_B.elf.dir/Drivers/STM32F1xx_HAL_Driver/Src/stm32f1xx_hal_gpio.c.obj
 .comment       0x0000004c       0x4d CMakeFiles/Board_B.elf.dir/Drivers/STM32F1xx_HAL_Driver/Src/stm32f1xx_hal_rcc.c.obj
 .comment       0x0000004c       0x4d CMakeFiles/Board_B.elf.dir/Drivers/STM32F1xx_HAL_Driver/Src/stm32f1xx_hal_tim.c.obj
 .comment       0x0000004c       0x4d CMakeFiles/Board_B.elf.dir/Drivers/STM32F1xx_HAL_Driver/Src/stm32f1xx_hal_tim_ex.c.obj
 .comment       0x0000004c       0x4d CMakeFiles/Board_B.elf.dir/Drivers/STM32F1xx_HAL_Driver/Src/stm32f1xx_hal_uart.c.obj

.debug_frame    0x00000000     0x2324
 .debug_frame   0x00000000       0x98 CMakeFiles/Board_B.elf.dir/Core/Src/WS2512.c.obj
 .debug_frame   0x00000098       0x30 CMakeFiles/Board_B.elf.dir/Core/Src/dma.c.obj
 .debug_frame   0x000000c8       0x28 CMakeFiles/Board_B.elf.dir/Core/Src/gpio.c.obj
 .debug_frame   0x000000f0       0x58 CMakeFiles/Board_B.elf.dir/Core/Src/main.c.obj
 .debug_frame   0x00000148       0x7c CMakeFiles/Board_B.elf.dir/Core/Src/queue.c.obj
 .debug_frame   0x000001c4       0x28 CMakeFiles/Board_B.elf.dir/Core/Src/stm32f1xx_hal_msp.c.obj
 .debug_frame   0x000001ec      0x1b0 CMakeFiles/Board_B.elf.dir/Core/Src/stm32f1xx_it.c.obj
 .debug_frame   0x0000039c       0x30 CMakeFiles/Board_B.elf.dir/Core/Src/system_stm32f1xx.c.obj
 .debug_frame   0x000003cc      0x120 CMakeFiles/Board_B.elf.dir/Core/Src/tim.c.obj
 .debug_frame   0x000004ec       0x7c CMakeFiles/Board_B.elf.dir/Core/Src/usart.c.obj
 .debug_frame   0x00000568      0x1cc CMakeFiles/Board_B.elf.dir/Drivers/STM32F1xx_HAL_Driver/Src/stm32f1xx_hal.c.obj
 .debug_frame   0x00000734      0x12c CMakeFiles/Board_B.elf.dir/Drivers/STM32F1xx_HAL_Driver/Src/stm32f1xx_hal_cortex.c.obj
 .debug_frame   0x00000860      0x148 CMakeFiles/Board_B.elf.dir/Drivers/STM32F1xx_HAL_Driver/Src/stm32f1xx_hal_dma.c.obj
 .debug_frame   0x000009a8       0xe8 CMakeFiles/Board_B.elf.dir/Drivers/STM32F1xx_HAL_Driver/Src/stm32f1xx_hal_gpio.c.obj
 .debug_frame   0x00000a90      0x18c CMakeFiles/Board_B.elf.dir/Drivers/STM32F1xx_HAL_Driver/Src/stm32f1xx_hal_rcc.c.obj
 .debug_frame   0x00000c1c      0xb2c CMakeFiles/Board_B.elf.dir/Drivers/STM32F1xx_HAL_Driver/Src/stm32f1xx_hal_tim.c.obj
 .debug_frame   0x00001748      0x420 CMakeFiles/Board_B.elf.dir/Drivers/STM32F1xx_HAL_Driver/Src/stm32f1xx_hal_tim_ex.c.obj
 .debug_frame   0x00001b68      0x5c4 CMakeFiles/Board_B.elf.dir/Drivers/STM32F1xx_HAL_Driver/Src/stm32f1xx_hal_uart.c.obj
 .debug_frame   0x0000212c       0x2c c:/gcc-arm-none-eabi/gcc-arm-none-eabi/bin/../lib/gcc/arm-none-eabi/9.3.1/../../../../arm-none-eabi/lib/thumb/v7-m/nofp\libg.a(lib_a-init.o)
 .debug_frame   0x00002158       0x38 c:/gcc-arm-none-eabi/gcc-arm-none-eabi/bin/../lib/gcc/arm-none-eabi/9.3.1/../../../../arm-none-eabi/lib/thumb/v7-m/nofp\libg.a(lib_a-memset.o)
 .debug_frame   0x00002190       0x5c c:/gcc-arm-none-eabi/gcc-arm-none-eabi/bin/../lib/gcc/arm-none-eabi/9.3.1/../../../../arm-none-eabi/lib/thumb/v7-m/nofp\libg.a(lib_a-__call_atexit.o)
 .debug_frame   0x000021ec       0x20 c:/gcc-arm-none-eabi/gcc-arm-none-eabi/bin/../lib/gcc/arm-none-eabi/9.3.1/../../../../arm-none-eabi/lib/thumb/v7-m/nofp\libg.a(lib_a-atexit.o)
 .debug_frame   0x0000220c       0x34 c:/gcc-arm-none-eabi/gcc-arm-none-eabi/bin/../lib/gcc/arm-none-eabi/9.3.1/../../../../arm-none-eabi/lib/thumb/v7-m/nofp\libg.a(lib_a-fini.o)
 .debug_frame   0x00002240       0xb0 c:/gcc-arm-none-eabi/gcc-arm-none-eabi/bin/../lib/gcc/arm-none-eabi/9.3.1/../../../../arm-none-eabi/lib/thumb/v7-m/nofp\libg.a(lib_a-lock.o)
 .debug_frame   0x000022f0       0x34 c:/gcc-arm-none-eabi/gcc-arm-none-eabi/bin/../lib/gcc/arm-none-eabi/9.3.1/../../../../arm-none-eabi/lib/thumb/v7-m/nofp\libg.a(lib_a-__atexit.o)
